// Jest Snapshot v1, https://goo.gl/fbAQLP

exports[`Unit Test | Label Component should match snapshot 1`] = `
<div>
  <button
    class="sc-bdvvtL fYlwKI"
    data-testid="label"
  >
    Label
  </button>
</div>
`;
