// Jest Snapshot v1, https://goo.gl/fbAQLP

exports[`Unit Test | Link Button Component should match snapshot 1`] = `
<div>
  <button
    class="sc-bdvvtL IbS"
    data-testid="link-button"
  >
    Link Button
  </button>
</div>
`;
